------------------------------------------------------------
Timing Analyzer Summary
------------------------------------------------------------

Type  : Slow 1100mV 85C Model Setup 'clk'
Slack : -5.192
TNS   : -90.878

Type  : Slow 1100mV 85C Model Setup 'slowClock:slow_clock|clk_1Hz'
Slack : -4.029
TNS   : -23.409

Type  : Slow 1100mV 85C Model Hold 'clk'
Slack : 0.458
TNS   : 0.000

Type  : Slow 1100mV 85C Model Hold 'slowClock:slow_clock|clk_1Hz'
Slack : 0.864
TNS   : 0.000

Type  : Slow 1100mV 85C Model Recovery 'slowClock:slow_clock|clk_1Hz'
Slack : -5.550
TNS   : -16.982

Type  : Slow 1100mV 85C Model Recovery 'clk'
Slack : -2.824
TNS   : -91.960

Type  : Slow 1100mV 85C Model Removal 'clk'
Slack : 0.788
TNS   : 0.000

Type  : Slow 1100mV 85C Model Removal 'slowClock:slow_clock|clk_1Hz'
Slack : 1.498
TNS   : 0.000

Type  : Slow 1100mV 85C Model Minimum Pulse Width 'clk'
Slack : -0.394
TNS   : -20.043

Type  : Slow 1100mV 85C Model Minimum Pulse Width 'slowClock:slow_clock|clk_1Hz'
Slack : -0.394
TNS   : -3.175

Type  : Slow 1100mV 85C Model Minimum Pulse Width 'rst'
Slack : 0.236
TNS   : 0.000

Type  : Slow 1100mV 0C Model Setup 'clk'
Slack : -5.300
TNS   : -90.354

Type  : Slow 1100mV 0C Model Setup 'slowClock:slow_clock|clk_1Hz'
Slack : -4.043
TNS   : -23.544

Type  : Slow 1100mV 0C Model Hold 'clk'
Slack : 0.450
TNS   : 0.000

Type  : Slow 1100mV 0C Model Hold 'slowClock:slow_clock|clk_1Hz'
Slack : 0.874
TNS   : 0.000

Type  : Slow 1100mV 0C Model Recovery 'slowClock:slow_clock|clk_1Hz'
Slack : -5.368
TNS   : -16.794

Type  : Slow 1100mV 0C Model Recovery 'clk'
Slack : -2.731
TNS   : -80.730

Type  : Slow 1100mV 0C Model Removal 'clk'
Slack : 0.452
TNS   : 0.000

Type  : Slow 1100mV 0C Model Removal 'slowClock:slow_clock|clk_1Hz'
Slack : 1.481
TNS   : 0.000

Type  : Slow 1100mV 0C Model Minimum Pulse Width 'clk'
Slack : -0.394
TNS   : -22.006

Type  : Slow 1100mV 0C Model Minimum Pulse Width 'slowClock:slow_clock|clk_1Hz'
Slack : -0.394
TNS   : -3.147

Type  : Slow 1100mV 0C Model Minimum Pulse Width 'rst'
Slack : 0.249
TNS   : 0.000

Type  : Fast 1100mV 85C Model Setup 'clk'
Slack : -3.185
TNS   : -38.073

Type  : Fast 1100mV 85C Model Setup 'slowClock:slow_clock|clk_1Hz'
Slack : -2.489
TNS   : -14.354

Type  : Fast 1100mV 85C Model Hold 'clk'
Slack : 0.248
TNS   : 0.000

Type  : Fast 1100mV 85C Model Hold 'slowClock:slow_clock|clk_1Hz'
Slack : 0.375
TNS   : 0.000

Type  : Fast 1100mV 85C Model Recovery 'slowClock:slow_clock|clk_1Hz'
Slack : -3.811
TNS   : -11.368

Type  : Fast 1100mV 85C Model Recovery 'clk'
Slack : -2.259
TNS   : -73.510

Type  : Fast 1100mV 85C Model Removal 'clk'
Slack : 0.442
TNS   : 0.000

Type  : Fast 1100mV 85C Model Removal 'slowClock:slow_clock|clk_1Hz'
Slack : 0.666
TNS   : 0.000

Type  : Fast 1100mV 85C Model Minimum Pulse Width 'clk'
Slack : -0.407
TNS   : -3.564

Type  : Fast 1100mV 85C Model Minimum Pulse Width 'rst'
Slack : 0.012
TNS   : 0.000

Type  : Fast 1100mV 85C Model Minimum Pulse Width 'slowClock:slow_clock|clk_1Hz'
Slack : 0.127
TNS   : 0.000

Type  : Fast 1100mV 0C Model Setup 'clk'
Slack : -2.777
TNS   : -32.880

Type  : Fast 1100mV 0C Model Setup 'slowClock:slow_clock|clk_1Hz'
Slack : -2.426
TNS   : -14.055

Type  : Fast 1100mV 0C Model Hold 'clk'
Slack : 0.234
TNS   : 0.000

Type  : Fast 1100mV 0C Model Hold 'slowClock:slow_clock|clk_1Hz'
Slack : 0.353
TNS   : 0.000

Type  : Fast 1100mV 0C Model Recovery 'slowClock:slow_clock|clk_1Hz'
Slack : -3.500
TNS   : -11.048

Type  : Fast 1100mV 0C Model Recovery 'clk'
Slack : -2.023
TNS   : -62.983

Type  : Fast 1100mV 0C Model Removal 'clk'
Slack : 0.244
TNS   : 0.000

Type  : Fast 1100mV 0C Model Removal 'slowClock:slow_clock|clk_1Hz'
Slack : 0.668
TNS   : 0.000

Type  : Fast 1100mV 0C Model Minimum Pulse Width 'clk'
Slack : -0.408
TNS   : -3.556

Type  : Fast 1100mV 0C Model Minimum Pulse Width 'rst'
Slack : 0.020
TNS   : 0.000

Type  : Fast 1100mV 0C Model Minimum Pulse Width 'slowClock:slow_clock|clk_1Hz'
Slack : 0.136
TNS   : 0.000

------------------------------------------------------------
