------------------------------------------------------------
Timing Analyzer Summary
------------------------------------------------------------

Type  : Slow 1100mV 85C Model Setup 'pll:vgapll|toggle'
Slack : -11.924
TNS   : -911.721

Type  : Slow 1100mV 85C Model Setup 'shoot'
Slack : -5.315
TNS   : -128.247

Type  : Slow 1100mV 85C Model Setup 'clk'
Slack : -3.702
TNS   : -3.702

Type  : Slow 1100mV 85C Model Setup 'moveX'
Slack : -2.364
TNS   : -131.386

Type  : Slow 1100mV 85C Model Hold 'shoot'
Slack : 0.434
TNS   : 0.000

Type  : Slow 1100mV 85C Model Hold 'moveX'
Slack : 0.435
TNS   : 0.000

Type  : Slow 1100mV 85C Model Hold 'pll:vgapll|toggle'
Slack : 0.553
TNS   : 0.000

Type  : Slow 1100mV 85C Model Hold 'clk'
Slack : 1.469
TNS   : 0.000

Type  : Slow 1100mV 85C Model Recovery 'pll:vgapll|toggle'
Slack : -1.420
TNS   : -53.790

Type  : Slow 1100mV 85C Model Removal 'pll:vgapll|toggle'
Slack : 0.816
TNS   : 0.000

Type  : Slow 1100mV 85C Model Minimum Pulse Width 'clk'
Slack : -0.812
TNS   : -1.391

Type  : Slow 1100mV 85C Model Minimum Pulse Width 'pll:vgapll|toggle'
Slack : -0.394
TNS   : -103.358

Type  : Slow 1100mV 85C Model Minimum Pulse Width 'moveX'
Slack : -0.394
TNS   : -42.985

Type  : Slow 1100mV 85C Model Minimum Pulse Width 'shoot'
Slack : -0.394
TNS   : -12.977

Type  : Slow 1100mV 0C Model Setup 'pll:vgapll|toggle'
Slack : -12.167
TNS   : -919.745

Type  : Slow 1100mV 0C Model Setup 'shoot'
Slack : -5.153
TNS   : -123.529

Type  : Slow 1100mV 0C Model Setup 'clk'
Slack : -3.610
TNS   : -3.610

Type  : Slow 1100mV 0C Model Setup 'moveX'
Slack : -2.309
TNS   : -128.696

Type  : Slow 1100mV 0C Model Hold 'moveX'
Slack : 0.391
TNS   : 0.000

Type  : Slow 1100mV 0C Model Hold 'shoot'
Slack : 0.447
TNS   : 0.000

Type  : Slow 1100mV 0C Model Hold 'pll:vgapll|toggle'
Slack : 0.528
TNS   : 0.000

Type  : Slow 1100mV 0C Model Hold 'clk'
Slack : 1.498
TNS   : 0.000

Type  : Slow 1100mV 0C Model Recovery 'pll:vgapll|toggle'
Slack : -1.315
TNS   : -49.779

Type  : Slow 1100mV 0C Model Removal 'pll:vgapll|toggle'
Slack : 0.759
TNS   : 0.000

Type  : Slow 1100mV 0C Model Minimum Pulse Width 'clk'
Slack : -0.815
TNS   : -1.422

Type  : Slow 1100mV 0C Model Minimum Pulse Width 'pll:vgapll|toggle'
Slack : -0.394
TNS   : -100.203

Type  : Slow 1100mV 0C Model Minimum Pulse Width 'moveX'
Slack : -0.394
TNS   : -39.693

Type  : Slow 1100mV 0C Model Minimum Pulse Width 'shoot'
Slack : -0.394
TNS   : -14.174

Type  : Fast 1100mV 85C Model Setup 'pll:vgapll|toggle'
Slack : -6.274
TNS   : -470.976

Type  : Fast 1100mV 85C Model Setup 'clk'
Slack : -2.855
TNS   : -2.855

Type  : Fast 1100mV 85C Model Setup 'shoot'
Slack : -2.573
TNS   : -61.913

Type  : Fast 1100mV 85C Model Setup 'moveX'
Slack : -0.914
TNS   : -45.597

Type  : Fast 1100mV 85C Model Hold 'shoot'
Slack : 0.198
TNS   : 0.000

Type  : Fast 1100mV 85C Model Hold 'moveX'
Slack : 0.199
TNS   : 0.000

Type  : Fast 1100mV 85C Model Hold 'pll:vgapll|toggle'
Slack : 0.292
TNS   : 0.000

Type  : Fast 1100mV 85C Model Hold 'clk'
Slack : 1.397
TNS   : 0.000

Type  : Fast 1100mV 85C Model Recovery 'pll:vgapll|toggle'
Slack : -0.736
TNS   : -22.895

Type  : Fast 1100mV 85C Model Removal 'pll:vgapll|toggle'
Slack : 0.401
TNS   : 0.000

Type  : Fast 1100mV 85C Model Minimum Pulse Width 'clk'
Slack : -0.721
TNS   : -1.093

Type  : Fast 1100mV 85C Model Minimum Pulse Width 'moveX'
Slack : -0.337
TNS   : -20.912

Type  : Fast 1100mV 85C Model Minimum Pulse Width 'pll:vgapll|toggle'
Slack : -0.088
TNS   : -3.308

Type  : Fast 1100mV 85C Model Minimum Pulse Width 'shoot'
Slack : -0.084
TNS   : -2.052

Type  : Fast 1100mV 0C Model Setup 'pll:vgapll|toggle'
Slack : -5.866
TNS   : -432.817

Type  : Fast 1100mV 0C Model Setup 'clk'
Slack : -2.446
TNS   : -2.446

Type  : Fast 1100mV 0C Model Setup 'shoot'
Slack : -2.402
TNS   : -58.246

Type  : Fast 1100mV 0C Model Setup 'moveX'
Slack : -0.730
TNS   : -36.641

Type  : Fast 1100mV 0C Model Hold 'shoot'
Slack : 0.189
TNS   : 0.000

Type  : Fast 1100mV 0C Model Hold 'moveX'
Slack : 0.190
TNS   : 0.000

Type  : Fast 1100mV 0C Model Hold 'pll:vgapll|toggle'
Slack : 0.259
TNS   : 0.000

Type  : Fast 1100mV 0C Model Hold 'clk'
Slack : 1.156
TNS   : 0.000

Type  : Fast 1100mV 0C Model Recovery 'pll:vgapll|toggle'
Slack : -0.580
TNS   : -16.961

Type  : Fast 1100mV 0C Model Removal 'pll:vgapll|toggle'
Slack : 0.359
TNS   : 0.000

Type  : Fast 1100mV 0C Model Minimum Pulse Width 'clk'
Slack : -0.693
TNS   : -1.045

Type  : Fast 1100mV 0C Model Minimum Pulse Width 'moveX'
Slack : -0.319
TNS   : -19.844

Type  : Fast 1100mV 0C Model Minimum Pulse Width 'shoot'
Slack : -0.085
TNS   : -2.087

Type  : Fast 1100mV 0C Model Minimum Pulse Width 'pll:vgapll|toggle'
Slack : -0.043
TNS   : -0.497

------------------------------------------------------------
