------------------------------------------------------------
Timing Analyzer Summary
------------------------------------------------------------

Type  : Slow 1100mV 85C Model Setup 'clk'
Slack : -5.668
TNS   : -134433.492

Type  : Slow 1100mV 85C Model Setup 'pll:vgapll|toggle'
Slack : -3.309
TNS   : -69.158

Type  : Slow 1100mV 85C Model Hold 'clk'
Slack : 0.370
TNS   : 0.000

Type  : Slow 1100mV 85C Model Hold 'pll:vgapll|toggle'
Slack : 0.732
TNS   : 0.000

Type  : Slow 1100mV 85C Model Minimum Pulse Width 'clk'
Slack : -2.174
TNS   : -16202.121

Type  : Slow 1100mV 85C Model Minimum Pulse Width 'pll:vgapll|toggle'
Slack : -0.394
TNS   : -13.102

Type  : Slow 1100mV 0C Model Setup 'clk'
Slack : -5.541
TNS   : -130877.579

Type  : Slow 1100mV 0C Model Setup 'pll:vgapll|toggle'
Slack : -3.298
TNS   : -69.719

Type  : Slow 1100mV 0C Model Hold 'clk'
Slack : 0.385
TNS   : 0.000

Type  : Slow 1100mV 0C Model Hold 'pll:vgapll|toggle'
Slack : 0.729
TNS   : 0.000

Type  : Slow 1100mV 0C Model Minimum Pulse Width 'clk'
Slack : -2.174
TNS   : -17387.448

Type  : Slow 1100mV 0C Model Minimum Pulse Width 'pll:vgapll|toggle'
Slack : -0.394
TNS   : -12.668

Type  : Fast 1100mV 85C Model Setup 'clk'
Slack : -3.413
TNS   : -76282.056

Type  : Fast 1100mV 85C Model Setup 'pll:vgapll|toggle'
Slack : -1.582
TNS   : -31.098

Type  : Fast 1100mV 85C Model Hold 'clk'
Slack : 0.178
TNS   : 0.000

Type  : Fast 1100mV 85C Model Hold 'pll:vgapll|toggle'
Slack : 0.377
TNS   : 0.000

Type  : Fast 1100mV 85C Model Minimum Pulse Width 'clk'
Slack : -2.174
TNS   : -2801.585

Type  : Fast 1100mV 85C Model Minimum Pulse Width 'pll:vgapll|toggle'
Slack : 0.008
TNS   : 0.000

Type  : Fast 1100mV 0C Model Setup 'clk'
Slack : -2.973
TNS   : -66624.083

Type  : Fast 1100mV 0C Model Setup 'pll:vgapll|toggle'
Slack : -1.431
TNS   : -28.251

Type  : Fast 1100mV 0C Model Hold 'clk'
Slack : 0.170
TNS   : 0.000

Type  : Fast 1100mV 0C Model Hold 'pll:vgapll|toggle'
Slack : 0.340
TNS   : 0.000

Type  : Fast 1100mV 0C Model Minimum Pulse Width 'clk'
Slack : -2.174
TNS   : -2787.594

Type  : Fast 1100mV 0C Model Minimum Pulse Width 'pll:vgapll|toggle'
Slack : 0.050
TNS   : 0.000

------------------------------------------------------------
