------------------------------------------------------------
Timing Analyzer Summary
------------------------------------------------------------

Type  : Slow 1100mV 85C Model Setup 'clk'
Slack : -12.448
TNS   : -179246.785

Type  : Slow 1100mV 85C Model Setup 'vga:vgaInst|pll:vgapll|toggle'
Slack : -2.873
TNS   : -73.901

Type  : Slow 1100mV 85C Model Hold 'clk'
Slack : 0.370
TNS   : 0.000

Type  : Slow 1100mV 85C Model Hold 'vga:vgaInst|pll:vgapll|toggle'
Slack : 0.565
TNS   : 0.000

Type  : Slow 1100mV 85C Model Minimum Pulse Width 'clk'
Slack : -2.174
TNS   : -17835.363

Type  : Slow 1100mV 85C Model Minimum Pulse Width 'inicio'
Slack : -0.623
TNS   : -1.026

Type  : Slow 1100mV 85C Model Minimum Pulse Width 'vga:vgaInst|pll:vgapll|toggle'
Slack : -0.394
TNS   : -13.275

Type  : Slow 1100mV 0C Model Setup 'clk'
Slack : -12.385
TNS   : -173277.235

Type  : Slow 1100mV 0C Model Setup 'vga:vgaInst|pll:vgapll|toggle'
Slack : -2.888
TNS   : -74.027

Type  : Slow 1100mV 0C Model Hold 'clk'
Slack : 0.383
TNS   : 0.000

Type  : Slow 1100mV 0C Model Hold 'vga:vgaInst|pll:vgapll|toggle'
Slack : 0.533
TNS   : 0.000

Type  : Slow 1100mV 0C Model Minimum Pulse Width 'clk'
Slack : -2.174
TNS   : -19116.127

Type  : Slow 1100mV 0C Model Minimum Pulse Width 'inicio'
Slack : -0.547
TNS   : -0.959

Type  : Slow 1100mV 0C Model Minimum Pulse Width 'vga:vgaInst|pll:vgapll|toggle'
Slack : -0.394
TNS   : -13.290

Type  : Fast 1100mV 85C Model Setup 'clk'
Slack : -7.193
TNS   : -102327.234

Type  : Fast 1100mV 85C Model Setup 'vga:vgaInst|pll:vgapll|toggle'
Slack : -1.263
TNS   : -31.916

Type  : Fast 1100mV 85C Model Hold 'clk'
Slack : 0.178
TNS   : 0.000

Type  : Fast 1100mV 85C Model Hold 'vga:vgaInst|pll:vgapll|toggle'
Slack : 0.256
TNS   : 0.000

Type  : Fast 1100mV 85C Model Minimum Pulse Width 'clk'
Slack : -2.174
TNS   : -3080.385

Type  : Fast 1100mV 85C Model Minimum Pulse Width 'inicio'
Slack : -0.528
TNS   : -0.733

Type  : Fast 1100mV 85C Model Minimum Pulse Width 'vga:vgaInst|pll:vgapll|toggle'
Slack : 0.137
TNS   : 0.000

Type  : Fast 1100mV 0C Model Setup 'clk'
Slack : -6.442
TNS   : -89216.003

Type  : Fast 1100mV 0C Model Setup 'vga:vgaInst|pll:vgapll|toggle'
Slack : -1.128
TNS   : -28.692

Type  : Fast 1100mV 0C Model Hold 'clk'
Slack : 0.169
TNS   : 0.000

Type  : Fast 1100mV 0C Model Hold 'vga:vgaInst|pll:vgapll|toggle'
Slack : 0.224
TNS   : 0.000

Type  : Fast 1100mV 0C Model Minimum Pulse Width 'clk'
Slack : -2.174
TNS   : -3046.280

Type  : Fast 1100mV 0C Model Minimum Pulse Width 'inicio'
Slack : -0.526
TNS   : -0.715

Type  : Fast 1100mV 0C Model Minimum Pulse Width 'vga:vgaInst|pll:vgapll|toggle'
Slack : 0.145
TNS   : 0.000

------------------------------------------------------------
