------------------------------------------------------------
Timing Analyzer Summary
------------------------------------------------------------

Type  : Slow 1100mV 85C Model Setup 'clk'
Slack : -3.702
TNS   : -3.702

Type  : Slow 1100mV 85C Model Setup 'pll:vgapll|toggle'
Slack : -3.327
TNS   : -84.672

Type  : Slow 1100mV 85C Model Hold 'pll:vgapll|toggle'
Slack : 0.659
TNS   : 0.000

Type  : Slow 1100mV 85C Model Hold 'clk'
Slack : 1.484
TNS   : 0.000

Type  : Slow 1100mV 85C Model Minimum Pulse Width 'clk'
Slack : -0.909
TNS   : -1.588

Type  : Slow 1100mV 85C Model Minimum Pulse Width 'pll:vgapll|toggle'
Slack : -0.394
TNS   : -13.726

Type  : Slow 1100mV 0C Model Setup 'clk'
Slack : -3.613
TNS   : -3.613

Type  : Slow 1100mV 0C Model Setup 'pll:vgapll|toggle'
Slack : -3.281
TNS   : -84.247

Type  : Slow 1100mV 0C Model Hold 'pll:vgapll|toggle'
Slack : 0.653
TNS   : 0.000

Type  : Slow 1100mV 0C Model Hold 'clk'
Slack : 1.502
TNS   : 0.000

Type  : Slow 1100mV 0C Model Minimum Pulse Width 'clk'
Slack : -0.902
TNS   : -1.599

Type  : Slow 1100mV 0C Model Minimum Pulse Width 'pll:vgapll|toggle'
Slack : -0.394
TNS   : -13.637

Type  : Fast 1100mV 85C Model Setup 'clk'
Slack : -2.871
TNS   : -2.871

Type  : Fast 1100mV 85C Model Setup 'pll:vgapll|toggle'
Slack : -1.429
TNS   : -36.701

Type  : Fast 1100mV 85C Model Hold 'pll:vgapll|toggle'
Slack : 0.344
TNS   : 0.000

Type  : Fast 1100mV 85C Model Hold 'clk'
Slack : 1.400
TNS   : 0.000

Type  : Fast 1100mV 85C Model Minimum Pulse Width 'clk'
Slack : -0.788
TNS   : -1.228

Type  : Fast 1100mV 85C Model Minimum Pulse Width 'pll:vgapll|toggle'
Slack : 0.108
TNS   : 0.000

Type  : Fast 1100mV 0C Model Setup 'clk'
Slack : -2.490
TNS   : -2.490

Type  : Fast 1100mV 0C Model Setup 'pll:vgapll|toggle'
Slack : -1.285
TNS   : -33.301

Type  : Fast 1100mV 0C Model Hold 'pll:vgapll|toggle'
Slack : 0.316
TNS   : 0.000

Type  : Fast 1100mV 0C Model Hold 'clk'
Slack : 1.168
TNS   : 0.000

Type  : Fast 1100mV 0C Model Minimum Pulse Width 'clk'
Slack : -0.754
TNS   : -1.168

Type  : Fast 1100mV 0C Model Minimum Pulse Width 'pll:vgapll|toggle'
Slack : 0.128
TNS   : 0.000

------------------------------------------------------------
