------------------------------------------------------------
Timing Analyzer Summary
------------------------------------------------------------

Type  : Slow 1100mV 85C Model Setup 'dec'
Slack : -3.395
TNS   : -19.434

Type  : Slow 1100mV 85C Model Hold 'dec'
Slack : 1.135
TNS   : 0.000

Type  : Slow 1100mV 85C Model Minimum Pulse Width 'dec'
Slack : 0.348
TNS   : 0.000

Type  : Slow 1100mV 0C Model Setup 'dec'
Slack : -3.360
TNS   : -19.220

Type  : Slow 1100mV 0C Model Hold 'dec'
Slack : 1.118
TNS   : 0.000

Type  : Slow 1100mV 0C Model Minimum Pulse Width 'dec'
Slack : 0.315
TNS   : 0.000

Type  : Fast 1100mV 85C Model Setup 'dec'
Slack : -2.314
TNS   : -13.064

Type  : Fast 1100mV 85C Model Hold 'dec'
Slack : 0.590
TNS   : 0.000

Type  : Fast 1100mV 85C Model Minimum Pulse Width 'dec'
Slack : 0.077
TNS   : 0.000

Type  : Fast 1100mV 0C Model Setup 'dec'
Slack : -2.112
TNS   : -11.937

Type  : Fast 1100mV 0C Model Hold 'dec'
Slack : 0.543
TNS   : 0.000

Type  : Fast 1100mV 0C Model Minimum Pulse Width 'dec'
Slack : 0.061
TNS   : 0.000

------------------------------------------------------------
