------------------------------------------------------------
Timing Analyzer Summary
------------------------------------------------------------

Type  : Slow 1100mV 85C Model Setup 'dec'
Slack : -2.171
TNS   : -11.058

Type  : Slow 1100mV 85C Model Hold 'dec'
Slack : 0.814
TNS   : 0.000

Type  : Slow 1100mV 85C Model Minimum Pulse Width 'dec'
Slack : 0.033
TNS   : 0.000

Type  : Slow 1100mV 0C Model Setup 'dec'
Slack : -2.210
TNS   : -11.240

Type  : Slow 1100mV 0C Model Hold 'dec'
Slack : 0.822
TNS   : 0.000

Type  : Slow 1100mV 0C Model Minimum Pulse Width 'dec'
Slack : -0.007
TNS   : -0.009

Type  : Fast 1100mV 85C Model Setup 'dec'
Slack : -0.725
TNS   : -3.338

Type  : Fast 1100mV 85C Model Hold 'dec'
Slack : 0.435
TNS   : 0.000

Type  : Fast 1100mV 85C Model Minimum Pulse Width 'dec'
Slack : -0.134
TNS   : -1.571

Type  : Fast 1100mV 0C Model Setup 'dec'
Slack : -0.616
TNS   : -2.748

Type  : Fast 1100mV 0C Model Hold 'dec'
Slack : 0.413
TNS   : 0.000

Type  : Fast 1100mV 0C Model Minimum Pulse Width 'dec'
Slack : -0.122
TNS   : -1.431

------------------------------------------------------------
